[00:28:43] [INFO] NEXUS-ONE Advanced Autonomous System başlatıldı
[00:28:43] [INFO] Interval: 30 saniye
[00:28:43] [INFO] === SYNC BAŞLADI ===
[00:28:43] [INFO] Deneme 1/3
[00:28:43] [INFO] Git pull başlıyor...
[00:28:44] [SUCCESS] Pull başarılı
[00:28:45] [INFO] 4 dosya değişti, commit ediliyor...
[00:28:46] [SUCCESS] Commit başarılı
[00:28:46] [INFO] Push başlıyor...
[00:28:48] [SUCCESS] Push başarılı
[00:28:48] [SUCCESS] === SYNC BAŞARILI ===
[01:08:54] [INFO] NEXUS-ONE Advanced Autonomous System başlatıldı
[01:08:54] [INFO] Interval: 30 saniye
[01:08:54] [INFO] Advanced Features: Her 5 senkronizasyonda
[01:09:23] [INFO] === SYNC BAŞLADI ===
[01:09:23] [INFO] Deneme 1/3
[01:09:23] [INFO] Git pull başlıyor...
[01:09:25] [SUCCESS] Pull başarılı
[01:09:26] [INFO] 2 dosya değişti, commit ediliyor...
[01:09:28] [INFO] Push başlıyor...
[01:09:33] [SUCCESS] Push başarılı
[01:09:34] [SUCCESS] === SYNC BAŞARILI ===
[01:10:17] [INFO] === SYNC BAŞLADI ===
[01:10:17] [INFO] Deneme 1/3
[01:10:17] [INFO] Git pull başlıyor...
[01:10:18] [SUCCESS] Pull başarılı
[01:10:18] [INFO] 3 dosya değişti, commit ediliyor...
[01:10:20] [SUCCESS] Commit başarılı
[01:10:20] [INFO] Push başlıyor...
[01:10:22] [SUCCESS] Push başarılı
[01:10:22] [SUCCESS] === SYNC BAŞARILI ===
[01:11:04] [INFO] === SYNC BAŞLADI ===
[01:11:04] [INFO] Deneme 1/3
[01:11:04] [INFO] Git pull başlıyor...
[01:11:05] [SUCCESS] Pull başarılı
[01:11:06] [INFO] 3 dosya değişti, commit ediliyor...
[01:11:07] [SUCCESS] Commit başarılı
[01:11:07] [INFO] Push başlıyor...
[01:11:09] [SUCCESS] Push başarılı
[01:11:10] [SUCCESS] === SYNC BAŞARILI ===
[01:11:52] [INFO] === SYNC BAŞLADI ===
[01:11:52] [INFO] Deneme 1/3
[01:11:52] [INFO] Git pull başlıyor...
[01:11:52] [SUCCESS] Pull başarılı
[01:11:53] [INFO] 3 dosya değişti, commit ediliyor...
[01:11:54] [SUCCESS] Commit başarılı
[01:11:54] [INFO] Push başlıyor...
[01:11:57] [SUCCESS] Push başarılı
[01:11:57] [SUCCESS] === SYNC BAŞARILI ===
[01:12:54] [INFO] === SYNC BAŞLADI ===
[01:12:54] [INFO] Deneme 1/3
[01:12:54] [INFO] Git pull başlıyor...
[01:12:56] [SUCCESS] Pull başarılı
[01:12:58] [INFO] 4 dosya değişti, commit ediliyor...
[01:13:00] [SUCCESS] Commit başarılı
[01:13:00] [INFO] Push başlıyor...
[01:13:02] [SUCCESS] Push başarılı
[01:13:02] [SUCCESS] === SYNC BAŞARILI ===
[01:13:02] [INFO] Advanced features çalıştırılıyor...
[01:13:15] [SUCCESS] Advanced features tamamlandı
[01:13:59] [INFO] === SYNC BAŞLADI ===
[01:13:59] [INFO] Deneme 1/3
[01:13:59] [INFO] Git pull başlıyor...
[01:13:59] [SUCCESS] Pull başarılı
[01:14:01] [INFO] 4 dosya değişti, commit ediliyor...
[01:14:02] [SUCCESS] Commit başarılı
[01:14:02] [INFO] Push başlıyor...
[01:14:05] [SUCCESS] Push başarılı
[01:14:05] [SUCCESS] === SYNC BAŞARILI ===
[01:15:00] [INFO] NEXUS-ONE Advanced Autonomous System başlatıldı
[01:15:00] [INFO] Interval: 30 saniye
[01:15:00] [INFO] Advanced Features: Her 5 senkronizasyonda
[01:15:00] [INFO] Enhanced Learning: Her 10 senkronizasyonda
[01:15:13] [INFO] === SYNC BAŞLADI ===
[01:15:14] [INFO] Deneme 1/3
[01:15:14] [INFO] Git pull başlıyor...
[01:15:14] [SUCCESS] Pull başarılı
[01:15:15] [INFO] 4 dosya değişti, commit ediliyor...
[01:15:17] [SUCCESS] Commit başarılı
[01:15:17] [INFO] Push başlıyor...
[01:15:19] [SUCCESS] Push başarılı
[01:15:19] [SUCCESS] === SYNC BAŞARILI ===
[01:16:06] [INFO] === SYNC BAŞLADI ===
[01:16:06] [INFO] Deneme 1/3
[01:16:06] [INFO] Git pull başlıyor...
[01:16:08] [SUCCESS] Pull başarılı
[01:16:09] [INFO] 4 dosya değişti, commit ediliyor...
[01:16:10] [SUCCESS] Commit başarılı
[01:16:10] [INFO] Push başlıyor...
[01:16:12] [SUCCESS] Push başarılı
[01:16:12] [SUCCESS] === SYNC BAŞARILI ===
