
╔══════════════════════════════════════════════════════════════════════╗
║                    NEXUS-ONE SYSTEM REPORT                          ║
╚══════════════════════════════════════════════════════════════════════╝

📊 SYNC STATISTICS
  Total Syncs: 0
  Successful: 0 ✓
  Failed: 0 ✗
  Success Rate: 0.0%

📈 REPOSITORY STATUS
  Total Commits: 6
  Branches: 3
  Changed Files: 3
  Last Sync: 2026-01-12T00:29:37.812388

🔧 SYSTEM STATUS
  Autonomous Mode: ACTIVE
  CI/CD Pipeline: ENABLED
  Monitoring: ENABLED

🕐 TIMESTAMP
  Generated: 2026-01-12 00:29:37


======================================================================
